Hello, stdout!
Enter name: 
Hi, qazwsxedcrfvtgbyhnuj!
