error initializing SDL: No available video device
Hello, data section and loop function!
