error initializing SDL: No available video device
Hello, World!
